<?xml version="1.0" encoding="UTF-8" ?>
<Map>
	<Config Name="Circle">
        <Mode>Race</Mode>
    </Config>
	
	<Gates>
		  <Gate>
            <Position X="4000" Y="0" Z="1000" />
        </Gate>
        <Gate>
            <Position X="4000" Y="0" Z="1500" />
        </Gate>
        <Gate>
            <Position X="3500" Y="0" Z="2000" />
        </Gate>
        <Gate>
            <Position X="3000" Y="0" Z="2000" />
        </Gate>
		<Gate>
            <Position X="2500" Y="0" Z="2500" />
        </Gate>

		<Gate>
            <Position X="2500" Y="0" Z="3000" />
        </Gate>

		
		<Gate>
            <Position X="3000" Y="0" Z="3500" />
		</Gate>
		<Gate>
            <Position X="4000" Y="0" Z="3000" />
		</Gate>
		
		
		<Gate>
            <Position X="4500" Y="0" Z="2500" />
		</Gate>
		<Gate>
            <Position X="5000" Y="0" Z="2000" />
		</Gate>
		<Gate>
            <Position X="5500" Y="0" Z="2000" />
		</Gate>
				<Gate>
            <Position X="6000" Y="0" Z="2500" />
		</Gate>

		<Gate>
            <Position X="6000" Y="0" Z="3000" />
		</Gate>
		<Gate>
            <Position X="5500" Y="0" Z="3500" />
		</Gate>
		<Gate>
            <Position X="5000" Y="0" Z="4000" />
		</Gate>
		<Gate>
            <Position X="4000" Y="0" Z="4000" />
		</Gate>
		<Gate>
            <Position X="3500" Y="0" Z="4500" />
		</Gate>
		<Gate>
            <Position X="3500" Y="0" Z="5000" />
		</Gate>
		<Gate>
            <Position X="4500" Y="0" Z="5500" />
		</Gate>
		<Gate>
            <Position X="5500" Y="0" Z="5500" />
		</Gate>
		<Gate>
            <Position X="6000" Y="0" Z="6000" />
		</Gate>

    <Gate>
      <Position X="6000" Y="0" Z="6500" />
    </Gate>

    
    
    



		<Gate>
            <Position X="3500" Y="0" Z="6000" />
		</Gate>
				<Gate>
            <Position X="2500" Y="0" Z="5500" />
		</Gate>

		<Gate>
            <Position X="2500" Y="0" Z="4000" />
		</Gate>

		</Gates>
	<Walls>

        <Wall>
            <Position X="3000" Y="0" Z="1500" />
			<Rotation> 30.0</Rotation>
			<Scale>43</Scale>
			<Model>Iceberg1.mesh</Model>
        </Wall>
        <Wall>
            <Position X="3300" Y="0" Z="2500" />
			<Rotation> 30.0</Rotation>
			<Scale>43</Scale>
			<Model>Iceberg1.mesh</Model>
        </Wall>

		        <Wall>
            <Position X="4000" Y="0" Z="2500" />
			<Rotation> 30.0</Rotation>
			<Scale>43</Scale>
			<Model>Iceberg1.mesh</Model>
        </Wall>
		<Wall>
            <Position X="3500" Y="0" Z="1500" />
			<Rotation> 30.0</Rotation>
			<Scale>43</Scale>
			<Model>Iceberg1.mesh</Model>
        </Wall>
		<Wall>
            <Position X="5200" Y="0" Z="2500" />
			<Rotation> 30.0</Rotation>
			<Scale>43</Scale>
			<Model>Iceberg1.mesh</Model>
        </Wall>

		<Wall>
            <Position X="6200" Y="0" Z="3200" />
			<Rotation> 30.0</Rotation>
			<Scale>43</Scale>
			<Model>Iceberg1.mesh</Model>
        </Wall>
		<Wall>
            <Position X="4500" Y="0" Z="3500" />
			<Rotation> 30.0</Rotation>
			<Scale>43</Scale>
			<Model>Iceberg1.mesh</Model>
        </Wall>

		


		</Walls>		
</Map>