<Map> 

<Config>
	<Mode>Racing</Mode>
	<RestrictGunElevation>true</RestrictGunElevation>
	<AllowGun>false</AllowGun>
</Config>

<Enemies> 
</Enemies> 
<Gates> 
  <Gate>
     <Position X="4000" Y="0" Z="544" />
  </Gate>
  <Gate>
     <Position X="4520" Y="0" Z="636" />
  </Gate>
  <Gate>
     <Position X="5361" Y="0" Z="1065" />
  </Gate>
  <Gate>
     <Position X="6149" Y="0" Z="2044" />
  </Gate>
  <Gate>
     <Position X="6262" Y="0" Z="2965" />
  </Gate>
  <Gate>
     <Position X="5979" Y="0" Z="3605" />
  </Gate>
  <Gate>
     <Position X="5501" Y="0" Z="4028" />
  </Gate>
  <Gate>
     <Position X="4951" Y="0" Z="4711" />
  </Gate>
  <Gate>
     <Position X="4497" Y="0" Z="5730" />
  </Gate>
  <Gate>
     <Position X="4189" Y="0" Z="6264" />
  </Gate>
  <Gate>
     <Position X="3790" Y="0" Z="6620" />
  </Gate>
  <Gate>
     <Position X="3308" Y="0" Z="6831" />
  </Gate>
  <Gate>
     <Position X="2686" Y="0" Z="6908" />
  </Gate>
  <Gate>
     <Position X="2005" Y="0" Z="6822" />
  </Gate>
  <Gate>
     <Position X="1505" Y="0" Z="6521" />
  </Gate>
  <Gate>
     <Position X="1182" Y="0" Z="6090" />
  </Gate>
  <Gate>
     <Position X="1031" Y="0" Z="5579" />
  </Gate>
  <Gate>
     <Position X="1155" Y="0" Z="5076" />
  </Gate>
  <Gate>
     <Position X="1641" Y="0" Z="4572" />
  </Gate>
  <Gate>
     <Position X="2329" Y="0" Z="4272" />
  </Gate>
  <Gate>
     <Position X="2916" Y="0" Z="4031" />
  </Gate>
  <Gate>
     <Position X="3257" Y="0" Z="3605" />
  </Gate>
  <Gate>
     <Position X="3333" Y="0" Z="2979" />
  </Gate>
  <Gate>
     <Position X="3240" Y="0" Z="2538" />
  </Gate>
  <Gate>
     <Position X="3092" Y="0" Z="1915" />
  </Gate>
  <Gate>
     <Position X="3372" Y="0" Z="1039" />
  </Gate>
</Gates> 
<Walls> 
  <Wall>
     <Position X="4407" Y="0" Z="1227" />
     <Scale>39</Scale>
     <Rotation>43.3152</Rotation>
     <Model>Iceberg1.mesh</Model> 
  </Wall>
  <Wall>
     <Position X="4774" Y="0" Z="1558" />
     <Scale>39</Scale>
     <Rotation>18.8702</Rotation>
     <Model>Iceberg1.mesh</Model> 
  </Wall>
  <Wall>
     <Position X="4820" Y="0" Z="2035" />
     <Scale>39</Scale>
     <Rotation>-5.86825</Rotation>
     <Model>Iceberg1.mesh</Model> 
  </Wall>
  <Wall>
     <Position X="4743" Y="0" Z="2759" />
     <Scale>39</Scale>
     <Rotation>-10.2023</Rotation>
     <Model>Iceberg1.mesh</Model> 
  </Wall>
  <Wall>
     <Position X="4612" Y="0" Z="3411" />
     <Scale>39</Scale>
     <Rotation>-18.8247</Rotation>
     <Model>Iceberg1.mesh</Model> 
  </Wall>
  <Wall>
     <Position X="4378" Y="0" Z="4054" />
     <Scale>39</Scale>
     <Rotation>-28.3939</Rotation>
     <Model>Iceberg1.mesh</Model> 
  </Wall>
  <Wall>
     <Position X="3929" Y="0" Z="4813" />
     <Scale>39</Scale>
     <Rotation>-36.1559</Rotation>
     <Model>Iceberg1.mesh</Model> 
  </Wall>
  <Wall>
     <Position X="3260" Y="0" Z="5716" />
     <Scale>39</Scale>
     <Rotation>-31.8259</Rotation>
     <Model>Iceberg1.mesh</Model> 
  </Wall>
  <Wall>
     <Position X="2868" Y="0" Z="6258" />
     <Scale>39</Scale>
     <Rotation>-120.369</Rotation>
     <Model>Iceberg1.mesh</Model> 
  </Wall>
  <Wall>
     <Position X="2299" Y="0" Z="6406" />
     <Scale>39</Scale>
     <Rotation>163.412</Rotation>
     <Model>Iceberg1.mesh</Model> 
  </Wall>
  <Wall>
     <Position X="2668" Y="0" Z="5541" />
     <Scale>39</Scale>
     <Rotation>154.309</Rotation>
     <Model>Iceberg1.mesh</Model> 
  </Wall>
  <Wall>
     <Position X="2254" Y="0" Z="3844" />
     <Scale>39</Scale>
     <Rotation>122.772</Rotation>
     <Model>Iceberg1.mesh</Model> 
  </Wall>
  <Wall>
     <Position X="2863" Y="0" Z="2650" />
     <Scale>39</Scale>
     <Rotation>-164.404</Rotation>
     <Model>Iceberg1.mesh</Model> 
  </Wall>
  <Wall>
     <Position X="3530" Y="0" Z="2328" />
     <Scale>39</Scale>
     <Rotation>176.237</Rotation>
     <Model>Iceberg1.mesh</Model> 
  </Wall>
  <Wall>
     <Position X="5545" Y="0" Z="4439" />
     <Scale>39</Scale>
     <Rotation>-19.6729</Rotation>
     <Model>Iceberg1.mesh</Model> 
  </Wall>
  <Wall>
     <Position X="5445" Y="0" Z="4718" />
     <Scale>39</Scale>
     <Rotation>-19.6729</Rotation>
     <Model>Iceberg1.mesh</Model> 
  </Wall>
  <Wall>
     <Position X="5251" Y="0" Z="5216" />
     <Scale>39</Scale>
     <Rotation>-24.737</Rotation>
     <Model>Iceberg1.mesh</Model> 
  </Wall>
  <Wall>
     <Position X="5026" Y="0" Z="5639" />
     <Scale>39</Scale>
     <Rotation>-34.9076</Rotation>
     <Model>Iceberg1.mesh</Model> 
  </Wall>
  <Wall>
     <Position X="4718" Y="0" Z="6067" />
     <Scale>39</Scale>
     <Rotation>-39.9686</Rotation>
     <Model>Iceberg1.mesh</Model> 
  </Wall>
  <Wall>
     <Position X="4283" Y="0" Z="6567" />
     <Scale>39</Scale>
     <Rotation>-44.0796</Rotation>
     <Model>Iceberg1.mesh</Model> 
  </Wall>
  <Wall>
     <Position X="3870" Y="0" Z="6851" />
     <Scale>39</Scale>
     <Rotation>-63.6706</Rotation>
     <Model>Iceberg1.mesh</Model> 
  </Wall>
  <Wall>
     <Position X="3302" Y="0" Z="7091" />
     <Scale>39</Scale>
     <Rotation>-74.1312</Rotation>
     <Model>Iceberg1.mesh</Model> 
  </Wall>
  <Wall>
     <Position X="2681" Y="0" Z="7184" />
     <Scale>39</Scale>
     <Rotation>-87.6439</Rotation>
     <Model>Iceberg1.mesh</Model> 
  </Wall>
  <Wall>
     <Position X="1960" Y="0" Z="7108" />
     <Scale>39</Scale>
     <Rotation>-105.725</Rotation>
     <Model>Iceberg1.mesh</Model> 
  </Wall>
  <Wall>
     <Position X="1424" Y="0" Z="6800" />
     <Scale>39</Scale>
     <Rotation>-130.999</Rotation>
     <Model>Iceberg1.mesh</Model> 
  </Wall>
  <Wall>
     <Position X="963" Y="0" Z="6178" />
     <Scale>39</Scale>
     <Rotation>-152.511</Rotation>
     <Model>Iceberg1.mesh</Model> 
  </Wall>
  <Wall>
     <Position X="825" Y="0" Z="5756" />
     <Scale>39</Scale>
     <Rotation>-172.48</Rotation>
     <Model>Iceberg1.mesh</Model> 
  </Wall>
  <Wall>
     <Position X="835" Y="0" Z="5132" />
     <Scale>39</Scale>
     <Rotation>162.32</Rotation>
     <Model>Iceberg1.mesh</Model> 
  </Wall>
  <Wall>
     <Position X="1121" Y="0" Z="4632" />
     <Scale>39</Scale>
     <Rotation>134.281</Rotation>
     <Model>Iceberg1.mesh</Model> 
  </Wall>
  <Wall>
     <Position X="1480" Y="0" Z="4306" />
     <Scale>39</Scale>
     <Rotation>132.308</Rotation>
     <Model>Iceberg1.mesh</Model> 
  </Wall>
</Walls> 
</Map> 
